******************************************************************************
                  TI ARM Linker PC v20.2.6                     
******************************************************************************
>> Linked Wed Aug 31 20:01:37 2022

OUTPUT FILE NAME:   <lab_01.out>
ENTRY POINT SYMBOL: "_c_int00_noargs"  address: 000027e1


MEMORY CONFIGURATION

         name            origin    length      used     unused   attr    fill
----------------------  --------  ---------  --------  --------  ----  --------
  FLASH                 00000000   00040000  00002b59  0003d4a7  R  X
  SRAM                  20000000   00008000  00000ed9  00007127  RW X


SEGMENT ALLOCATION MAP

run origin  load origin   length   init length attrs members
----------  ----------- ---------- ----------- ----- -------
00000000    00000000    00002b60   00002b60    r-x
  00000000    00000000    0000026c   0000026c    r-- .intvecs
  0000026c    0000026c    000027a4   000027a4    r-x .text
  00002a10    00002a10    00000109   00000109    r-- .const
  00002b20    00002b20    00000040   00000040    r-- .cinit
20000000    20000000    00000edd   00000000    rw-
  20000000    20000000    0000026c   00000000    rw- .vtable
  20000270    20000270    00000800   00000000    rw- .stack
  20000a70    20000a70    00000400   00000000    rw- .sysmem
  20000e70    20000e70    00000058   00000000    rw- .bss
  20000ec8    20000ec8    00000015   00000000    rw- .data


SECTION ALLOCATION MAP

 output                                  attributes/
section   page    origin      length       input sections
--------  ----  ----------  ----------   ----------------
.intvecs   0    00000000    0000026c     
                  00000000    0000026c     tm4c123gh6pm_startup_ccs.obj (.intvecs)

.text      0    0000026c    000027a4     
                  0000026c    00000a4e     rtsv7M4_T_le_v4SPD16_eabi.lib : _printfi.c.obj (.text:__TI_printfi)
                  00000cba    00000002                                   : _lock.c.obj (.text:_nop)
                  00000cbc    00000328     lcd.obj (.text)
                  00000fe4    00000270     rtsv7M4_T_le_v4SPD16_eabi.lib : _printfi.c.obj (.text:_pconv_a)
                  00001254    00000248     Timer.obj (.text)
                  0000149c    000001d0     rtsv7M4_T_le_v4SPD16_eabi.lib : _printfi.c.obj (.text:_pconv_g)
                  0000166c    000001b6                                   : fd_add_t2.asm.obj (.text)
                  00001822    00000002                                   : div0.asm.obj (.text)
                  00001824    0000013c                                   : _printfi.c.obj (.text:_pconv_e)
                  00001960    0000013a     LcdBanner.obj (.text)
                  00001a9a    00000136     rtsv7M4_T_le_v4SPD16_eabi.lib : fd_div_t2.asm.obj (.text)
                  00001bd0    00000124                                   : _printfi.c.obj (.text:fcvt)
                  00001cf4    00000110                                   : s_scalbn.c.obj (.text:scalbn)
                  00001e04    00000100                                   : memory.c.obj (.text:aligned_alloc)
                  00001f04    000000fc                                   : fd_mul_t2.asm.obj (.text)
                  00002000    000000b1                                   : _printfi.c.obj (.text:_ltostr)
                  000020b1    00000001     --HOLE-- [fill = 0]
                  000020b2    0000009c                                   : memcpy_t2.asm.obj (.text)
                  0000214e    00000096                                   : ull_div_t2.asm.obj (.text)
                  000021e4    00000086                                   : fd_cmp_t2.asm.obj (.text:__aeabi_cdcmple)
                  0000226a    00000086                                   : fd_cmp_t2.asm.obj (.text:__aeabi_cdrcmple)
                  000022f0    0000007a                                   : memset_t2.asm.obj (.text)
                  0000236a    00000002     --HOLE-- [fill = 0]
                  0000236c    00000070                                   : memory.c.obj (.text:split)
                  000023dc    0000006e                                   : _printfi.c.obj (.text:_mcpy)
                  0000244a    00000068                                   : copy_decompress_lzss.c.obj (.text:decompress:lzss:__TI_decompress_lzss)
                  000024b2    00000002     --HOLE-- [fill = 0]
                  000024b4    00000064                                   : s_frexp.c.obj (.text:frexp)
                  00002518    00000056                                   : _printfi.c.obj (.text:_pconv_f)
                  0000256e    00000054                                   : _ltoa.c.obj (.text:__TI_ltoa)
                  000025c2    00000052                                   : _printfi.c.obj (.text:_ecpy)
                  00002614    0000004c                                   : atoi.c.obj (.text:atoi)
                  00002660    00000048                                   : fd_toi_t2.asm.obj (.text)
                  000026a8    00000044                                   : autoinit.c.obj (.text:__TI_auto_init_nobinit_nopinit:__TI_auto_init_nobinit_nopinit)
                  000026ec    00000040                                   : sprintf.c.obj (.text:sprintf)
                  0000272c    00000040                                   : vsnprintf.c.obj (.text:vsnprintf)
                  0000276c    0000003e                                   : _printfi.c.obj (.text:_fcpy)
                  000027aa    00000002     --HOLE-- [fill = 0]
                  000027ac    00000034     driverlib.lib : interrupt.obj (.text:IntRegister)
                  000027e0    00000034     rtsv7M4_T_le_v4SPD16_eabi.lib : boot_cortex_m.c.obj (.text:_c_int00_noargs:_c_int00_noargs)
                  00002814    00000030                                   : vsnprintf.c.obj (.text:_outs)
                  00002844    0000002e                                   : i_tofd_t2.asm.obj (.text)
                  00002872    00000002     --HOLE-- [fill = 0]
                  00002874    00000028                                   : memory.c.obj (.text:free_list_insert)
                  0000289c    0000001e     helloworld.obj (.text)
                  000028ba    0000001c     rtsv7M4_T_le_v4SPD16_eabi.lib : copy_zero_init.c.obj (.text:decompress:ZI:__TI_zero_init_nomemset:__TI_zero_init_nomemset)
                  000028d6    00000002     --HOLE-- [fill = 0]
                  000028d8    0000001c                                   : memory.c.obj (.text:free_list_remove)
                  000028f4    0000001c                                   : memccpy.c.obj (.text:memccpy)
                  00002910    0000001a                                   : s_copysign.c.obj (.text:copysign)
                  0000292a    00000018                                   : vsnprintf.c.obj (.text:_outc)
                  00002942    00000018                                   : sprintf.c.obj (.text:_outs)
                  0000295a    00000018                                   : strcmp.c.obj (.text:strcmp)
                  00002972    00000016                                   : strchr.c.obj (.text:strchr)
                  00002988    00000014                                   : strcpy.c.obj (.text:strcpy)
                  0000299c    00000014                                   : strlen.c.obj (.text:strlen)
                  000029b0    00000012                                   : wcslen.c.obj (.text:wcslen)
                  000029c2    00000010     lcd.obj (.text:lcd_clear)
                  000029d2    0000000e     rtsv7M4_T_le_v4SPD16_eabi.lib : copy_decompress_none.c.obj (.text:decompress:none:__TI_decompress_none)
                  000029e0    0000000c     tm4c123gh6pm_startup_ccs.obj (.text)
                  000029ec    0000000a     rtsv7M4_T_le_v4SPD16_eabi.lib : sprintf.c.obj (.text:_outc)
                  000029f6    00000002     --HOLE-- [fill = 0]
                  000029f8    00000008                                   : errno.c.obj (.text:__aeabi_errno_addr)
                  00002a00    00000008                                   : memory.c.obj (.text:malloc)
                  00002a08    00000004                                   : pre_init.c.obj (.text:_system_pre_init)
                  00002a0c    00000004                                   : exit.c.obj (.text:abort:abort)

.const     0    00002a10    00000109     
                  00002a10    00000101     rtsv7M4_T_le_v4SPD16_eabi.lib : ctype.c.obj (.const:.string:_ctypes_)
                  00002b11    00000004     lcd.obj (.const:.string:lineAddress$1)
                  00002b15    00000004     lcd.obj (.const:.string:lineAddresses$2)

.cinit     0    00002b20    00000040     
                  00002b20    0000000c     (.cinit..data.load) [load image, compression = lzss]
                  00002b2c    0000000c     (__TI_handler_table)
                  00002b38    00000008     (.cinit..bss.load) [load image, compression = zero_init]
                  00002b40    00000008     (.cinit..vtable.load) [load image, compression = zero_init]
                  00002b48    00000018     (__TI_cinit_table)

.init_array 
*          0    00000000    00000000     UNINITIALIZED

.vtable    0    20000000    0000026c     UNINITIALIZED
                  20000000    0000026c     driverlib.lib : interrupt.obj (.vtable)

.stack     0    20000270    00000800     UNINITIALIZED
                  20000270    00000004     rtsv7M4_T_le_v4SPD16_eabi.lib : boot_cortex_m.c.obj (.stack)
                  20000274    000007fc     --HOLE--

.sysmem    0    20000a70    00000400     UNINITIALIZED
                  20000a70    00000010     rtsv7M4_T_le_v4SPD16_eabi.lib : memory.c.obj (.sysmem)
                  20000a80    000003f0     --HOLE--

.bss       0    20000e70    00000058     UNINITIALIZED
                  20000e70    00000054     lcd.obj (.bss:lastbuffer$3)
                  20000ec4    00000004     (.common:_timeout_ticks)

.data      0    20000ec8    00000015     UNINITIALIZED
                  20000ec8    00000008     rtsv7M4_T_le_v4SPD16_eabi.lib : _lock.c.obj (.data:$O1$$)
                  20000ed0    00000008                                   : memory.c.obj (.data:$O1$$)
                  20000ed8    00000004                                   : errno.c.obj (.data)
                  20000edc    00000001     Timer.obj (.data)

__llvm_prf_cnts 
*          0    20000000    00000000     UNINITIALIZED

MODULE SUMMARY

       Module                         code    ro data   rw data
       ------                         ----    -------   -------
    .\
       lcd.obj                        824     8         84     
       tm4c123gh6pm_startup_ccs.obj   12      620       0      
       Timer.obj                      584     0         5      
       LcdBanner.obj                  314     0         0      
       helloworld.obj                 30      0         0      
    +--+------------------------------+-------+---------+---------+
       Total:                         1764    628       89     
                                                               
    C:/ti/TivaWare_C_Series-2.2.0.295/driverlib/ccs/Debug/driverlib.lib
       interrupt.obj                  52      0         620    
    +--+------------------------------+-------+---------+---------+
       Total:                         52      0         620    
                                                               
    C:\ti\ccs1200\ccs\tools\compiler\ti-cgt-arm_20.2.6.LTS\lib\rtsv7M4_T_le_v4SPD16_eabi.lib
       _printfi.c.obj                 4851    0         0      
       memory.c.obj                   444     0         8      
       fd_add_t2.asm.obj              438     0         0      
       fd_div_t2.asm.obj              310     0         0      
       s_scalbn.c.obj                 272     0         0      
       fd_cmp_t2.asm.obj              268     0         0      
       ctype.c.obj                    0       257       0      
       fd_mul_t2.asm.obj              252     0         0      
       memcpy_t2.asm.obj              156     0         0      
       ull_div_t2.asm.obj             150     0         0      
       vsnprintf.c.obj                136     0         0      
       memset_t2.asm.obj              122     0         0      
       copy_decompress_lzss.c.obj     104     0         0      
       s_frexp.c.obj                  100     0         0      
       sprintf.c.obj                  98      0         0      
       _ltoa.c.obj                    84      0         0      
       atoi.c.obj                     76      0         0      
       fd_toi_t2.asm.obj              72      0         0      
       autoinit.c.obj                 68      0         0      
       boot_cortex_m.c.obj            52      0         0      
       i_tofd_t2.asm.obj              46      0         0      
       copy_zero_init.c.obj           28      0         0      
       memccpy.c.obj                  28      0         0      
       s_copysign.c.obj               26      0         0      
       strcmp.c.obj                   24      0         0      
       strchr.c.obj                   22      0         0      
       strcpy.c.obj                   20      0         0      
       strlen.c.obj                   20      0         0      
       wcslen.c.obj                   18      0         0      
       copy_decompress_none.c.obj     14      0         0      
       errno.c.obj                    8       0         4      
       _lock.c.obj                    2       0         8      
       exit.c.obj                     4       0         0      
       pre_init.c.obj                 4       0         0      
       div0.asm.obj                   2       0         0      
    +--+------------------------------+-------+---------+---------+
       Total:                         8319    257       20     
                                                               
       Heap:                          0       0         1024   
       Stack:                         0       0         2048   
       Linker Generated:              0       64        0      
    +--+------------------------------+-------+---------+---------+
       Grand Total:                   10135   949       3801   


LINKER GENERATED COPY TABLES

__TI_cinit_table @ 00002b48 records: 3, size/record: 8, table size: 24
	.data: load addr=00002b20, load size=0000000c bytes, run addr=20000ec8, run size=00000015 bytes, compression=lzss
	.bss: load addr=00002b38, load size=00000008 bytes, run addr=20000e70, run size=00000058 bytes, compression=zero_init
	.vtable: load addr=00002b40, load size=00000008 bytes, run addr=20000000, run size=0000026c bytes, compression=zero_init


LINKER GENERATED HANDLER TABLE

__TI_handler_table @ 00002b2c records: 3, size/record: 4, table size: 12
	index: 0, handler: __TI_zero_init
	index: 1, handler: __TI_decompress_lzss
	index: 2, handler: __TI_decompress_none


GLOBAL SYMBOLS: SORTED ALPHABETICALLY BY Name 

address   name                          
-------   ----                          
00002a0d  C$$EXIT                       
000027ad  IntRegister                   
000029e1  ResetISR                      
20000a70  __STACK_END                   
00000800  __STACK_SIZE                  
20000470  __STACK_TOP                   
00000400  __SYSMEM_SIZE                 
00002b48  __TI_CINIT_Base               
00002b60  __TI_CINIT_Limit              
00002b2c  __TI_Handler_Table_Base       
00002b38  __TI_Handler_Table_Limit      
000026a9  __TI_auto_init_nobinit_nopinit
0000244b  __TI_decompress_lzss          
000029d3  __TI_decompress_none          
0000256f  __TI_ltoa                     
ffffffff  __TI_pprof_out_hndl           
0000026d  __TI_printfi                  
ffffffff  __TI_prof_data_size           
ffffffff  __TI_prof_data_start          
00000000  __TI_static_base__            
000028bb  __TI_zero_init_nomemset       
000021e5  __aeabi_cdcmpeq               
000021e5  __aeabi_cdcmple               
0000226b  __aeabi_cdrcmple              
00002661  __aeabi_d2iz                  
00001677  __aeabi_dadd                  
00001a9b  __aeabi_ddiv                  
00001f05  __aeabi_dmul                  
0000166d  __aeabi_dsub                  
000029f9  __aeabi_errno_addr            
00002845  __aeabi_i2d                   
00001823  __aeabi_idiv0                 
00001823  __aeabi_ldiv0                 
000022f1  __aeabi_memclr                
000022f1  __aeabi_memclr4               
000022f1  __aeabi_memclr8               
000020b3  __aeabi_memcpy                
000020b3  __aeabi_memcpy4               
000020b3  __aeabi_memcpy8               
000022f3  __aeabi_memset                
000022f3  __aeabi_memset4               
000022f3  __aeabi_memset8               
0000214f  __aeabi_uldivmod              
ffffffff  __binit__                     
ffffffff  __c_args__                    
UNDEFED   __mpu_init                    
20000270  __stack                       
20000000  __start___llvm_prf_cnts       
20000000  __stop___llvm_prf_cnts        
000027e1  _c_int00_noargs               
00002a10  _ctypes_                      
20000ec8  _lock                         
00000cbb  _nop                          
20000edc  _running                      
20000a70  _sys_memory                   
UNDEFED   _system_post_cinit            
00002a09  _system_pre_init              
20000ec4  _timeout_ticks                
20000ecc  _unlock                       
00002a0d  abort                         
00001e05  aligned_alloc                 
00002615  atoi                          
ffffffff  binit                         
00002911  copysign                      
00002911  copysignl                     
20000ed8  errno                         
000024b5  frexp                         
000024b5  frexpl                        
20000000  g_pfnRAMVectors               
00000000  g_pfnVectors                  
00001961  init_lcd                      
000029c3  lcd_clear                     
00000e91  lcd_gotoLine                  
00000cf9  lcd_init                      
00000ef7  lcd_printf                    
00000db9  lcd_putc                      
00000df1  lcd_puts                      
00000cbd  lcd_reverseNibble             
00000e0f  lcd_sendCommand               
00000e4d  lcd_sendNibble                
00000eb9  lcd_setCursorPos              
00001cf5  ldexp                         
00001cf5  ldexpl                        
0000289d  main                          
00002a01  malloc                        
00001e05  memalign                      
000028f5  memccpy                       
000020b3  memcpy                        
000022f9  memset                        
0000196d  print_banner                  
00001cf5  scalbn                        
00001cf5  scalbnl                       
000026ed  sprintf                       
00002973  strchr                        
0000295b  strcmp                        
00002989  strcpy                        
0000299d  strlen                        
00001373  timer_getMicros               
0000131b  timer_getMillis               
00001255  timer_init                    
000012f7  timer_pause                   
00001309  timer_resume                  
000012cd  timer_stop                    
000013cd  timer_waitMicros              
000013ff  timer_waitMillis              
0000272d  vsnprintf                     
000029b1  wcslen                        


GLOBAL SYMBOLS: SORTED BY Symbol Address 

address   name                          
-------   ----                          
00000000  __TI_static_base__            
00000000  g_pfnVectors                  
0000026d  __TI_printfi                  
00000400  __SYSMEM_SIZE                 
00000800  __STACK_SIZE                  
00000cbb  _nop                          
00000cbd  lcd_reverseNibble             
00000cf9  lcd_init                      
00000db9  lcd_putc                      
00000df1  lcd_puts                      
00000e0f  lcd_sendCommand               
00000e4d  lcd_sendNibble                
00000e91  lcd_gotoLine                  
00000eb9  lcd_setCursorPos              
00000ef7  lcd_printf                    
00001255  timer_init                    
000012cd  timer_stop                    
000012f7  timer_pause                   
00001309  timer_resume                  
0000131b  timer_getMillis               
00001373  timer_getMicros               
000013cd  timer_waitMicros              
000013ff  timer_waitMillis              
0000166d  __aeabi_dsub                  
00001677  __aeabi_dadd                  
00001823  __aeabi_idiv0                 
00001823  __aeabi_ldiv0                 
00001961  init_lcd                      
0000196d  print_banner                  
00001a9b  __aeabi_ddiv                  
00001cf5  ldexp                         
00001cf5  ldexpl                        
00001cf5  scalbn                        
00001cf5  scalbnl                       
00001e05  aligned_alloc                 
00001e05  memalign                      
00001f05  __aeabi_dmul                  
000020b3  __aeabi_memcpy                
000020b3  __aeabi_memcpy4               
000020b3  __aeabi_memcpy8               
000020b3  memcpy                        
0000214f  __aeabi_uldivmod              
000021e5  __aeabi_cdcmpeq               
000021e5  __aeabi_cdcmple               
0000226b  __aeabi_cdrcmple              
000022f1  __aeabi_memclr                
000022f1  __aeabi_memclr4               
000022f1  __aeabi_memclr8               
000022f3  __aeabi_memset                
000022f3  __aeabi_memset4               
000022f3  __aeabi_memset8               
000022f9  memset                        
0000244b  __TI_decompress_lzss          
000024b5  frexp                         
000024b5  frexpl                        
0000256f  __TI_ltoa                     
00002615  atoi                          
00002661  __aeabi_d2iz                  
000026a9  __TI_auto_init_nobinit_nopinit
000026ed  sprintf                       
0000272d  vsnprintf                     
000027ad  IntRegister                   
000027e1  _c_int00_noargs               
00002845  __aeabi_i2d                   
0000289d  main                          
000028bb  __TI_zero_init_nomemset       
000028f5  memccpy                       
00002911  copysign                      
00002911  copysignl                     
0000295b  strcmp                        
00002973  strchr                        
00002989  strcpy                        
0000299d  strlen                        
000029b1  wcslen                        
000029c3  lcd_clear                     
000029d3  __TI_decompress_none          
000029e1  ResetISR                      
000029f9  __aeabi_errno_addr            
00002a01  malloc                        
00002a09  _system_pre_init              
00002a0d  C$$EXIT                       
00002a0d  abort                         
00002a10  _ctypes_                      
00002b2c  __TI_Handler_Table_Base       
00002b38  __TI_Handler_Table_Limit      
00002b48  __TI_CINIT_Base               
00002b60  __TI_CINIT_Limit              
20000000  __start___llvm_prf_cnts       
20000000  __stop___llvm_prf_cnts        
20000000  g_pfnRAMVectors               
20000270  __stack                       
20000470  __STACK_TOP                   
20000a70  __STACK_END                   
20000a70  _sys_memory                   
20000ec4  _timeout_ticks                
20000ec8  _lock                         
20000ecc  _unlock                       
20000ed8  errno                         
20000edc  _running                      
ffffffff  __TI_pprof_out_hndl           
ffffffff  __TI_prof_data_size           
ffffffff  __TI_prof_data_start          
ffffffff  __binit__                     
ffffffff  __c_args__                    
ffffffff  binit                         
UNDEFED   __mpu_init                    
UNDEFED   _system_post_cinit            

[107 symbols]
